// Jest Snapshot v1, https://goo.gl/fbAQLP

exports[`<EmojiSelector /> matches snapshot 1`] = `
<styled.div>
  <EmojiToggle
    onClick={[Function]}
  >
    <span
      aria-label="toggle emoji"
      role="img"
    >
      ðŸ˜ƒ
    </span>
  </EmojiToggle>
</styled.div>
`;
