// Jest Snapshot v1, https://goo.gl/fbAQLP

exports[`<Header /> matches snapshot 1`] = `
<styled.div>
  <styled.div>
    <Link
      replace={false}
      to="/"
    >
      <styled.div>
        theCHAT
      </styled.div>
    </Link>
    <Connect(Component) />
  </styled.div>
</styled.div>
`;
